// Vitest Snapshot v1, https://vitest.dev/guide/snapshot.html

exports[`HeaderDropdown Component Render 1`] = `
<DocumentFragment>
  <button
    class="ant-btn css-dev-only-do-not-override-yp8pcc ant-btn-default ant-dropdown-trigger"
    type="button"
  >
    <span>
      hover menu
    </span>
  </button>
</DocumentFragment>
`;
