// Jest Snapshot v1, https://goo.gl/fbAQLP

exports[`ChartCard Component Render 1`] = `
<DocumentFragment>
  <div
    class="ant-card ant-card-bordered"
  >
    <div
      class="ant-card-body"
    >
      <div>
        <div
          class=""
        >
          <div />
          <div>
            <div>
              <span>
                test text
              </span>
              <span />
            </div>
          </div>
        </div>
      </div>
    </div>
  </div>
</DocumentFragment>
`;
